\BOOKMARK [1][-]{section.1}{\376\377\000W\000s\000t\001\031\000p}{}% 1
\BOOKMARK [2][-]{subsection.1.1}{\376\377\000O\000p\000i\000s\000\040\000p\000o\000d\000z\000i\000a\001\102\000\040\000z\000a\000d\000a\001\104\000\040\000m\000i\001\031\000d\000z\000y\000\040\000c\000z\001\102\000o\000n\000k\000a\000m\000i}{section.1}% 2
\BOOKMARK [2][-]{subsection.1.2}{\376\377\000O\000p\000i\000s\000\040\000p\000r\000z\000e\000b\000i\000e\000g\000u\000\040\000p\000r\000a\000c\000\040\000i\000\040\000w\000y\000k\000o\000r\000z\000y\000s\000t\000y\000w\000a\000n\000y\000c\000h\000\040\000n\000a\000r\000z\001\031\000d\000z\000i\000\040\000d\000o\000\040\000p\000r\000a\000c\000y\000\040\000z\000e\000s\000p\000o\001\102\000o\000w\000e\000j}{section.1}% 3
\BOOKMARK [2][-]{subsection.1.3}{\376\377\000S\000p\000e\000c\000y\000f\000i\000k\000a\000c\000j\000a\000\040\000w\000y\000m\000a\000g\000a\001\104\000\040\000s\000y\000s\000t\000e\000m\000u}{section.1}% 4
\BOOKMARK [2][-]{subsection.1.4}{\376\377\000O\000p\000i\000s\000\040\000n\000a\000r\000z\001\031\000d\000z\000i\000\040\000G\000e\000n\000A\000I\000\040\000o\000r\000a\000z\000\040\000i\000c\000h\000\040\000w\000y\000k\000o\000r\000z\000y\000s\000t\000a\000n\000i\000e\000\040\000w\000\040\000p\000r\000o\000j\000e\000k\000c\000i\000e}{section.1}% 5
\BOOKMARK [1][-]{section.2}{\376\377\000B\000a\000c\000k\000e\000n\000d\000\040\000s\000y\000s\000t\000e\000m\000u}{}% 6
\BOOKMARK [2][-]{subsection.2.1}{\376\377\000A\000r\000c\000h\000i\000t\000e\000k\000t\000u\000r\000a\000\040\000s\000y\000s\000t\000e\000m\000u}{section.2}% 7
\BOOKMARK [3][-]{subsubsection.2.1.1}{\376\377\000O\000p\000i\000s\000\040\000s\000e\000r\000w\000i\000s\000\363\000w}{subsection.2.1}% 8
\BOOKMARK [3][-]{subsubsection.2.1.2}{\376\377\000W\000o\000l\000u\000m\000e\000n\000y\000\040\000i\000\040\000t\000r\000w\000a\001\102\000o\001\133\001\007\000\040\000d\000a\000n\000y\000c\000h}{subsection.2.1}% 9
\BOOKMARK [3][-]{subsubsection.2.1.3}{\376\377\000S\000t\000r\000u\000k\000t\000u\000r\000a\000\040\000k\000a\000t\000a\000l\000o\000g\000\363\000w\000\040\000-\000\040\000o\000g\000\363\000l\000n\000y\000\040\000z\000a\000r\000y\000s}{subsection.2.1}% 10
\BOOKMARK [3][-]{subsubsection.2.1.4}{\376\377\000T\000e\000s\000t\000y\000\040\000i\000\040\000s\000p\000o\000s\000t\000r\000z\000e\001\174\000e\000n\000i\000a}{subsection.2.1}% 11
\BOOKMARK [2][-]{subsection.2.2}{\376\377\000S\000t\000r\000u\000k\000t\000u\000r\000a\000\040\000b\000a\000z\000y\000\040\000d\000a\000n\000y\000c\000h}{section.2}% 12
\BOOKMARK [2][-]{subsection.2.3}{\376\377\000K\000o\000n\000f\000i\000g\000u\000r\000a\000c\000j\000a\000\040\000s\000e\000r\000w\000e\000r\000a\000\040\000N\000g\000i\000n\000x\000\040\000j\000a\000k\000o\000\040\000o\000d\000w\000r\000o\000t\000n\000e\000g\000o\000\040\000p\000r\000o\000x\000y}{section.2}% 13
\BOOKMARK [3][-]{subsubsection.2.3.1}{\376\377\000A\000r\000c\000h\000i\000t\000e\000k\000t\000u\000r\000a}{subsection.2.3}% 14
\BOOKMARK [3][-]{subsubsection.2.3.2}{\376\377\000R\000a\000t\000e\000\040\000l\000i\000m\000i\000t\000i\000n\000g}{subsection.2.3}% 15
\BOOKMARK [3][-]{subsubsection.2.3.3}{\376\377\000T\000e\000r\000m\000i\000n\000a\000c\000j\000a\000\040\000S\000S\000L\000\040\000i\000\040\000c\000e\000r\000t\000y\000f\000i\000k\000a\000t\000\040\000s\000a\000m\000o\000p\000o\000d\000p\000i\000s\000a\000n\000y}{subsection.2.3}% 16
\BOOKMARK [3][-]{subsubsection.2.3.4}{\376\377\000N\000a\000g\001\102\000\363\000w\000k\000i\000\040\000b\000e\000z\000p\000i\000e\000c\000z\000e\001\104\000s\000t\000w\000a\000\040\000H\000T\000T\000P}{subsection.2.3}% 17
\BOOKMARK [3][-]{subsubsection.2.3.5}{\376\377\000T\000e\000s\000t\000y\000,\000\040\000s\000p\000o\000s\000t\000r\000z\000e\001\174\000e\000n\000i\000a\000\040\000i\000\040\000w\000n\000i\000o\000s\000k\000i}{subsection.2.3}% 18
\BOOKMARK [2][-]{subsection.2.4}{\376\377\000I\000n\000t\000e\000r\000f\000e\000j\000s\000\040\000R\000E\000S\000T\000\040\000A\000P\000I}{section.2}% 19
\BOOKMARK [3][-]{subsubsection.2.4.1}{\376\377\000E\000n\000d\000p\000o\000i\000n\000t\000y\000\040\000p\000u\000b\000l\000i\000c\000z\000n\000e}{subsection.2.4}% 20
\BOOKMARK [3][-]{subsubsection.2.4.2}{\376\377\000E\000n\000d\000p\000o\000i\000n\000t\000y\000\040\000c\000h\000r\000o\000n\000i\000o\000n\000e\000\040\000\050\000w\000y\000m\000a\000g\000a\000j\001\005\000\040\000z\000a\000l\000o\000g\000o\000w\000a\000n\000i\000a\000\051}{subsection.2.4}% 21
\BOOKMARK [3][-]{subsubsection.2.4.3}{\376\377\000M\000e\000t\000o\000d\000y\000\040\000p\000r\000z\000e\000z\000n\000a\000c\000z\000o\000n\000e\000\040\000s\000t\000r\000i\000c\000t\000e\000\040\000d\000l\000a\000\040\000p\000r\000o\000w\000a\000d\000z\001\005\000c\000y\000c\000h\000\040\000z\000a\000j\001\031\001\007}{subsection.2.4}% 22
\BOOKMARK [2][-]{subsection.2.5}{\376\377\000I\000n\000t\000e\000g\000r\000a\000c\000j\000a\000\040\000z\000\040\000U\000S\000O\000S}{section.2}% 23
\BOOKMARK [2][-]{subsection.2.6}{\376\377\000P\000o\000o\000l\000i\000n\000g\000\040\000p\000o\001\102\001\005\000c\000z\000e\001\104}{section.2}% 24
\BOOKMARK [3][-]{subsubsection.2.6.1}{\376\377\000Z\000a\000r\000z\001\005\000d\000z\000a\000n\000i\000e\000\040\000p\000o\001\102\001\005\000c\000z\000e\000n\000i\000a\000m\000i\000\040\000z\000\040\000b\000a\000z\001\005\000\040\000d\000a\000n\000y\000c\000h\000\040\000i\000\040\000a\000u\000t\000o\000m\000a\000t\000y\000c\000z\000n\000e\000\040\000i\000n\000i\000c\000j\000o\000w\000a\000n\000i\000e\000\040\000z\000a\000d\000a\001\104}{subsection.2.6}% 25
\BOOKMARK [3][-]{subsubsection.2.6.2}{\376\377\000A\000u\000t\000o\000m\000a\000t\000y\000c\000z\000n\000e\000\040\001\102\000a\000d\000o\000w\000a\000n\000i\000e\000\040\000z\000a\000d\000a\001\104}{subsection.2.6}% 26
\BOOKMARK [2][-]{subsection.2.7}{\376\377\000B\000e\000z\000p\000i\000e\000c\000z\000e\001\104\000s\000t\000w\000o}{section.2}% 27
\BOOKMARK [2][-]{subsection.2.8}{\376\377\000P\000o\000d\000s\000u\000m\000o\000w\000a\000n\000i\000e}{section.2}% 28
\BOOKMARK [1][-]{section.3}{\376\377\000F\000r\000o\000n\000t\000e\000n\000d\000\040\000s\000y\000s\000t\000e\000m\000u}{}% 29
\BOOKMARK [2][-]{subsection.3.1}{\376\377\000W\000s\000t\001\031\000p}{section.3}% 30
\BOOKMARK [2][-]{subsection.3.2}{\376\377\000U\000s\000t\000a\000l\000o\000n\000y\000\040\000p\000l\000a\000n\000\040\000p\000r\000a\000c}{section.3}% 31
\BOOKMARK [2][-]{subsection.3.3}{\376\377\000S\000t\000o\000s\000\040\000t\000e\000c\000h\000n\000o\000l\000o\000g\000i\000c\000z\000n\000y}{section.3}% 32
\BOOKMARK [2][-]{subsection.3.4}{\376\377\000P\000r\000o\000j\000e\000k\000t\000\040\000i\000n\000t\000e\000r\000f\000e\000j\000s\000u\000\040\000g\000r\000a\000f\000i\000c\000z\000n\000e\000g\000o}{section.3}% 33
\BOOKMARK [3][-]{subsubsection.3.4.1}{\376\377\000P\000o\000d\000s\000t\000a\000w\000o\000w\000e\000\040\000z\000a\000s\000o\000b\000y}{subsection.3.4}% 34
\BOOKMARK [3][-]{subsubsection.3.4.2}{\376\377\000A\000t\000o\000m\000y}{subsection.3.4}% 35
\BOOKMARK [3][-]{subsubsection.3.4.3}{\376\377\000M\000o\000l\000e\000k\000u\001\102\000y}{subsection.3.4}% 36
\BOOKMARK [3][-]{subsubsection.3.4.4}{\376\377\000O\000r\000g\000a\000n\000i\000z\000m\000y}{subsection.3.4}% 37
\BOOKMARK [3][-]{subsubsection.3.4.5}{\376\377\000W\000i\000d\000o\000k\000i}{subsection.3.4}% 38
\BOOKMARK [3][-]{subsubsection.3.4.6}{\376\377\000N\000i\000e\000w\000y\000k\000o\000r\000z\000y\000s\000t\000a\000n\000e\000\040\000e\000l\000e\000m\000e\000n\000t\000y}{subsection.3.4}% 39
\BOOKMARK [2][-]{subsection.3.5}{\376\377\000S\000z\000c\000z\000e\000g\000\363\001\102\000y\000\040\000i\000m\000p\000l\000e\000m\000e\000n\000t\000a\000c\000y\000j\000n\000e}{section.3}% 40
\BOOKMARK [3][-]{subsubsection.3.5.1}{\376\377\000S\000t\000r\000u\000k\000t\000u\000r\000a\000\040\000p\000r\000o\000j\000e\000k\000t\000u}{subsection.3.5}% 41
\BOOKMARK [3][-]{subsubsection.3.5.2}{\376\377\000P\000e\001\102\000n\000e\000\040\000d\000r\000z\000e\000w\000o\000\040\000p\000r\000o\000j\000e\000k\000t\000u}{subsection.3.5}% 42
\BOOKMARK [3][-]{subsubsection.3.5.3}{\376\377\000K\000o\000m\000p\000o\000n\000e\000n\000t\000y}{subsection.3.5}% 43
\BOOKMARK [3][-]{subsubsection.3.5.4}{\376\377\000S\000t\000r\000o\000n\000y}{subsection.3.5}% 44
\BOOKMARK [3][-]{subsubsection.3.5.5}{\376\377\000R\000o\000u\000t\000i\000n\000g}{subsection.3.5}% 45
\BOOKMARK [3][-]{subsubsection.3.5.6}{\376\377\000S\000t\000y\000l\000e\000\040\000a\000p\000l\000i\000k\000a\000c\000j\000i}{subsection.3.5}% 46
\BOOKMARK [2][-]{subsection.3.6}{\376\377\000W\000i\000d\000o\000k\000i\000\040\000a\000p\000l\000i\000k\000a\000c\000j\000i}{section.3}% 47
\BOOKMARK [3][-]{subsubsection.3.6.1}{\376\377\000W\000i\000d\000o\000k\000\040\000l\000o\000g\000o\000w\000a\000n\000i\000a}{subsection.3.6}% 48
\BOOKMARK [3][-]{subsubsection.3.6.2}{\376\377\000W\000i\000d\000o\000k\000\040\000l\000i\000s\000t\000y\000\040\000t\000e\000m\000a\000t\000\363\000w}{subsection.3.6}% 49
\BOOKMARK [3][-]{subsubsection.3.6.3}{\376\377\000W\000i\000d\000o\000k\000\040\000t\000e\000o\000r\000i\000i\000\040\000w\000\040\000k\000o\000n\000t\000e\000k\001\133\000c\000i\000e\000\040\000t\000e\000m\000a\000t\000u}{subsection.3.6}% 50
\BOOKMARK [3][-]{subsubsection.3.6.4}{\376\377\000W\000i\000d\000o\000k\000\040\000l\000i\000s\000t\000y\000\040\000z\000a\000d\000a\001\104\000\040\000w\000\040\000k\000o\000n\000t\000e\000k\001\133\000c\000i\000e\000\040\000t\000e\000m\000a\000t\000u}{subsection.3.6}% 51
\BOOKMARK [3][-]{subsubsection.3.6.5}{\376\377\000W\000i\000d\000o\000k\000\040\000k\000o\000d\000o\000w\000a\000n\000i\000a}{subsection.3.6}% 52
\BOOKMARK [3][-]{subsubsection.3.6.6}{\376\377\000I\000n\000t\000e\000g\000r\000a\000c\000j\000a\000\040\000z\000\040\000A\000P\000I\000\040\000b\000a\000c\000k\000e\000n\000d\000o\000w\000y\000m}{subsection.3.6}% 53
\BOOKMARK [3][-]{subsubsection.3.6.7}{\376\377\000Z\000a\000r\000z\001\005\000d\000z\000a\000n\000i\000e\000\040\000s\000t\000a\000n\000e\000m\000\040\001\133\000r\000o\000d\000o\000w\000i\000s\000k\000a}{subsection.3.6}% 54
\BOOKMARK [3][-]{subsubsection.3.6.8}{\376\377\000O\000b\000s\001\102\000u\000g\000a\000\040\000i\000n\000t\000e\000r\000a\000k\000c\000j\000i\000\040\000D\000r\000a\000g\000\040\000a\000n\000d\000\040\000D\000r\000o\000p}{subsection.3.6}% 55
\BOOKMARK [2][-]{subsection.3.7}{\376\377\000P\000o\000d\000s\000u\000m\000o\000w\000a\000n\000i\000e\000\040\000i\000\040\000w\000n\000i\000o\000s\000k\000i}{section.3}% 56
\BOOKMARK [1][-]{section.4}{\376\377\000M\000o\000d\000e\000l\000\040\000L\000L\000M\000\040\000-\000\040\000S\000C\000L\000A\000\137\000M\000L\000\137\000v\000u\000l\000n\000\137\000d\000e\000t\000e\000c\000t\000o\000r}{}% 57
\BOOKMARK [2][-]{subsection.4.1}{\376\377\000W\000s\000t\001\031\000p}{section.4}% 58
\BOOKMARK [2][-]{subsection.4.2}{\376\377\000S\000t\000o\000s\000\040\000t\000e\000c\000h\000n\000o\000l\000o\000g\000i\000c\000z\000n\000y}{section.4}% 59
\BOOKMARK [2][-]{subsection.4.3}{\376\377\000Z\000b\000i\000\363\000r\000\040\000D\000a\000n\000y\000c\000h}{section.4}% 60
\BOOKMARK [3][-]{subsubsection.4.3.1}{\376\377\001\171\000r\000\363\000d\001\102\000o\000\040\000d\000a\000n\000y\000c\000h\000\040\000-\000\040\000V\000u\000l\000n\000e\000r\000a\000b\000i\000l\000i\000t\000y\000\040\000f\000i\000x\000\040\000d\000a\000t\000a\000s\000e\000t}{subsection.4.3}% 61
\BOOKMARK [2][-]{subsection.4.4}{\376\377\000A\000r\000c\000h\000i\000t\000e\000k\000t\000u\000r\000a\000\040\000M\000o\000d\000e\000l\000u}{section.4}% 62
\BOOKMARK [3][-]{subsubsection.4.4.1}{\376\377\000W\000y\000b\000\363\000r\000\040\000m\000o\000d\000e\000l\000u\000\040\000b\000a\000z\000o\000w\000e\000g\000o}{subsection.4.4}% 63
\BOOKMARK [3][-]{subsubsection.4.4.2}{\376\377\000K\000w\000a\000n\000t\000y\000z\000a\000c\000j\000a\000\040\000m\000o\000d\000e\000l\000u}{subsection.4.4}% 64
\BOOKMARK [2][-]{subsection.4.5}{\376\377\000D\000o\000s\000t\000r\000a\000j\000a\000n\000i\000e\000\040\000p\000a\000r\000a\000m\000e\000t\000r\000y\000c\000z\000n\000e\000\040\000-\000\040\000P\000E\000F\000T}{section.4}% 65
\BOOKMARK [2][-]{subsection.4.6}{\376\377\000P\000o\000t\000o\000k\000\040\000T\000r\000e\000n\000i\000n\000g\000o\000w\000y}{section.4}% 66
\BOOKMARK [3][-]{subsubsection.4.6.1}{\376\377\000W\000s\000t\001\031\000p\000n\000a\000\040\000t\000o\000k\000e\000n\000i\000z\000a\000c\000j\000a\000\040\000d\000a\000n\000y\000c\000h}{subsection.4.6}% 67
\BOOKMARK [3][-]{subsubsection.4.6.2}{\376\377\000K\000o\000n\000f\000i\000g\000u\000r\000a\000c\000j\000a\000\040\000t\000r\000e\000n\000i\000n\000g\000u}{subsection.4.6}% 68
\BOOKMARK [3][-]{subsubsection.4.6.3}{\376\377\000D\001\102\000u\000g\000o\001\133\001\007\000\040\000s\000e\000k\000w\000e\000n\000c\000j\000i}{subsection.4.6}% 69
\BOOKMARK [3][-]{subsubsection.4.6.4}{\376\377\000C\000z\000a\000s\000\040\000i\000\040\000p\000r\000z\000e\000b\000i\000e\000g\000\040\000t\000r\000e\000n\000i\000n\000g\000u}{subsection.4.6}% 70
\BOOKMARK [2][-]{subsection.4.7}{\376\377\000E\000k\000s\000p\000o\000r\000t\000\040\000w\000y\000u\000c\000z\000o\000n\000e\000g\000o\000\040\000m\000o\000d\000e\000l\000u}{section.4}% 71
\BOOKMARK [2][-]{subsection.4.8}{\376\377\000E\000w\000a\000l\000u\000a\000c\000j\000a\000\040\000M\000o\000d\000e\000l\000u}{section.4}% 72
\BOOKMARK [3][-]{subsubsection.4.8.1}{\376\377\000P\000r\000o\000c\000e\000d\000u\000r\000a\000\040\000t\000e\000s\000t\000o\000w\000a\000n\000i\000a}{subsection.4.8}% 73
\BOOKMARK [3][-]{subsubsection.4.8.2}{\376\377\000W\000y\000n\000i\000k\000i}{subsection.4.8}% 74
\BOOKMARK [3][-]{subsubsection.4.8.3}{\376\377\000O\000c\000e\000n\000a\000\040\000w\000y\000n\000i\000k\000\363\000w}{subsection.4.8}% 75
\BOOKMARK [2][-]{subsection.4.9}{\376\377\000K\000o\000n\000f\000i\000g\000u\000r\000a\000c\000j\000a\000\040\000s\000e\000r\000w\000e\000r\000a\000\040\000O\000l\000l\000a\000m\000a}{section.4}% 76
\BOOKMARK [2][-]{subsection.4.10}{\376\377\000K\000o\000n\000t\000e\000n\000e\000r\000y\000z\000a\000c\000j\000a\000\040\000w\000\040\001\133\000r\000o\000d\000o\000w\000i\000s\000k\000u\000\040\000D\000o\000c\000k\000e\000r}{section.4}% 77
\BOOKMARK [2][-]{subsection.4.11}{\376\377\000O\000p\000\363\001\172\000n\000i\000e\000n\000i\000e\000\040\000i\000n\000f\000e\000r\000e\000n\000c\000j\000i}{section.4}% 78
\BOOKMARK [2][-]{subsection.4.12}{\376\377\000K\000l\000i\000e\000n\000t\000\040\000A\000P\000I\000\040\000w\000\040\000J\001\031\000z\000y\000k\000u\000\040\000P\000y\000t\000h\000o\000n}{section.4}% 79
\BOOKMARK [3][-]{subsubsection.4.12.1}{\376\377\000K\000l\000u\000c\000z\000o\000w\000e\000\040\000f\000u\000n\000k\000c\000j\000o\000n\000a\000l\000n\000o\001\133\000c\000i}{subsection.4.12}% 80
\BOOKMARK [3][-]{subsubsection.4.12.2}{\376\377\000F\000o\000r\000m\000a\000t\000o\000w\000a\000n\000i\000e\000\040\000p\000r\000o\000m\000p\000t\000\363\000w}{subsection.4.12}% 81
\BOOKMARK [2][-]{subsection.4.13}{\376\377\000P\000o\000d\000s\000u\000m\000o\000w\000a\000n\000i\000e}{section.4}% 82
\BOOKMARK [1][-]{section.5}{\376\377\000T\000e\000k\000s\000t\000y\000\040\000t\000e\000o\000r\000e\000t\000y\000c\000z\000n\000e\000\040\000i\000\040\000p\000r\000z\000y\000k\001\102\000a\000d\000o\000w\000e\000\040\000z\000a\000d\000a\000n\000i\000a}{}% 83
\BOOKMARK [2][-]{subsection.5.1}{\376\377\000S\000Q\000L\000\040\000I\000n\000j\000e\000c\000t\000i\000o\000n}{section.5}% 84
\BOOKMARK [3][-]{subsubsection.5.1.1}{\376\377\000W\000s\000t\001\031\000p\000\040\000t\000e\000o\000r\000e\000t\000y\000c\000z\000n\000y}{subsection.5.1}% 85
\BOOKMARK [3][-]{subsubsection.5.1.2}{\376\377\000Z\000a\000b\000e\000z\000p\000i\000e\000c\000z\000e\000n\000i\000a}{subsection.5.1}% 86
\BOOKMARK [3][-]{subsubsection.5.1.3}{\376\377\000Z\000a\000d\000a\000n\000i\000a}{subsection.5.1}% 87
\BOOKMARK [2][-]{subsection.5.2}{\376\377\000C\000r\000o\000s\000s\000-\000S\000i\000t\000e\000\040\000S\000c\000r\000i\000p\000t\000i\000n\000g\000\040\000\050\000X\000S\000S\000\051}{section.5}% 88
\BOOKMARK [3][-]{subsubsection.5.2.1}{\376\377\000W\000s\000t\001\031\000p\000\040\000t\000e\000o\000r\000e\000t\000y\000c\000z\000n\000y}{subsection.5.2}% 89
\BOOKMARK [3][-]{subsubsection.5.2.2}{\376\377\000Z\000a\000b\000e\000z\000p\000i\000e\000c\000z\000e\000n\000i\000a}{subsection.5.2}% 90
\BOOKMARK [3][-]{subsubsection.5.2.3}{\376\377\000Z\000a\000d\000a\000n\000i\000a}{subsection.5.2}% 91
\BOOKMARK [2][-]{subsection.5.3}{\376\377\000C\000o\000m\000m\000a\000n\000d\000\040\000I\000n\000j\000e\000c\000t\000i\000o\000n}{section.5}% 92
\BOOKMARK [3][-]{subsubsection.5.3.1}{\376\377\000W\000s\000t\001\031\000p\000\040\000t\000e\000o\000r\000e\000t\000y\000c\000z\000n\000y}{subsection.5.3}% 93
\BOOKMARK [3][-]{subsubsection.5.3.2}{\376\377\000Z\000a\000b\000e\000z\000p\000i\000e\000c\000z\000e\000n\000i\000a}{subsection.5.3}% 94
\BOOKMARK [3][-]{subsubsection.5.3.3}{\376\377\000Z\000a\000d\000a\000n\000i\000a}{subsection.5.3}% 95
\BOOKMARK [2][-]{subsection.5.4}{\376\377\000B\000u\000f\000f\000e\000r\000\040\000O\000v\000e\000r\000f\000l\000o\000w\000\040\000\050\000P\000r\000z\000e\000p\000e\001\102\000n\000i\000e\000n\000i\000e\000\040\000B\000u\000f\000o\000r\000u\000\051}{section.5}% 96
\BOOKMARK [3][-]{subsubsection.5.4.1}{\376\377\000W\000s\000t\001\031\000p\000\040\000t\000e\000o\000r\000e\000t\000y\000c\000z\000n\000y}{subsection.5.4}% 97
\BOOKMARK [3][-]{subsubsection.5.4.2}{\376\377\000Z\000a\000b\000e\000z\000p\000i\000e\000c\000z\000e\000n\000i\000a}{subsection.5.4}% 98
\BOOKMARK [3][-]{subsubsection.5.4.3}{\376\377\000Z\000a\000d\000a\000n\000i\000a}{subsection.5.4}% 99
\BOOKMARK [1][-]{section.6}{\376\377\000W\000y\000b\000r\000a\000n\000e\000\040\000p\000r\000o\000b\000l\000e\000m\000y\000\040\000n\000a\000p\000o\000t\000k\000a\000n\000e\000\040\000w\000\040\000t\000r\000a\000k\000c\000i\000e\000\040\000r\000e\000a\000l\000i\000z\000a\000c\000j\000i\000\040\000p\000r\000o\000j\000e\000k\000t\000u}{}% 100
\BOOKMARK [2][-]{subsection.6.1}{\376\377\000P\000r\000o\000b\000l\000e\000m\000y\000\040\000k\000o\000m\000u\000n\000i\000k\000a\000c\000j\000i\000\040\000w\000\040\000z\000e\000s\000p\000o\000l\000e}{section.6}% 101
\BOOKMARK [2][-]{subsection.6.2}{\376\377\000T\000o\000k\000e\000n\000i\000z\000a\000c\000j\000a\000\040\000z\000\040\000w\000y\000k\000o\000r\000z\000y\000s\000t\000a\000n\000i\000e\000m\000\040\000U\000n\000s\000l\000o\000t\000h\000\040\000n\000a\000\040\000s\000y\000s\000t\000e\000m\000i\000e\000\040\000W\000i\000n\000d\000o\000w\000s}{section.6}% 102
\BOOKMARK [2][-]{subsection.6.3}{\376\377\000D\001\102\000u\000g\000i\000\040\000c\000z\000a\000s\000\040\000e\000w\000a\000l\000u\000a\000c\000j\000i\000\040\000p\000o\000d\000c\000z\000a\000s\000\040\000d\000o\000s\000t\000o\000s\000o\000w\000y\000w\000a\000n\000i\000a\000\040\000m\000o\000d\000e\000l\000u}{section.6}% 103
\BOOKMARK [2][-]{subsection.6.4}{\376\377\000W\000y\000c\000z\000e\000r\000p\000a\000n\000i\000e\000\040\000p\000a\000m\000i\001\031\000c\000i\000\040\000V\000R\000A\000M\000\040\000p\000o\000d\000c\000z\000a\000s\000\040\000d\000o\000s\000t\000r\000a\000j\000a\000n\000i\000a}{section.6}% 104
\BOOKMARK [1][-]{section.7}{\376\377\000S\000u\000g\000e\000r\000o\000w\000a\000n\000e\000\040\000k\000i\000e\000r\000u\000n\000k\000i\000\040\000d\000a\000l\000s\000z\000e\000g\000o\000\040\000r\000o\000z\000w\000o\000j\000u}{}% 105
\BOOKMARK [2][-]{subsection.7.1}{\376\377\000B\000a\000c\000k\000e\000n\000d}{section.7}% 106
\BOOKMARK [2][-]{subsection.7.2}{\376\377\000M\000o\000d\000e\000l\000\040\000L\000L\000M}{section.7}% 107
\BOOKMARK [1][-]{section.8}{\376\377\000W\000y\000b\000r\000a\000n\000a\000\040\000w\000y\000k\000o\000r\000z\000y\000s\000t\000a\000n\000a\000\040\000l\000i\000t\000e\000r\000a\000t\000u\000r\000a}{}% 108
